I'm sorry, but errors were detected in your script. Please correct the
errors listed below, and try again.


File "game/dragndrop/puzzle_helloworld/python.rpy", line 5: expected a keyword argument, colon, or end of line.
    image sprite = "images/Sprites Python/python 8.png"
                 ^

Ren'Py Version: Ren'Py 8.1.2.23090503
Sun Oct 22 00:08:11 2023
